---
source: crates/ai/tests/tool_outputs_parity.rs
assertion_line: 483
expression: result
---
{
  "ok": {
    "assetQuery": "SHOP.TO",
    "assignments": [],
    "resolvedAsset": {
      "assetId": "asset-shop",
      "currency": "USD",
      "displayCode": "SHOP",
      "exchangeMic": "XTSE",
      "instrumentType": "EQUITY",
      "label": "SHOP - Shopify Inc.",
      "matchedBy": "provider_suffix",
      "name": "Shopify Inc.",
      "symbol": "SHOP"
    }
  }
}
