---
source: crates/ai/tests/tool_schemas.rs
expression: snapshot
---
{
  "name": "get_holdings",
  "parameters": {
    "properties": {
      "accountId": {
        "type": "string"
      },
      "page": {
        "default": 1,
        "type": "integer"
      },
      "pageSize": {
        "default": 100,
        "type": "integer"
      },
      "viewMode": {
        "default": "treemap",
        "enum": [
          "table",
          "treemap",
          "both"
        ],
        "type": "string"
      }
    },
    "required": [],
    "type": "object"
  }
}
